2026-07-08T16:58:13.190+05:30  INFO 14408 --- [user-service] [main] c.e.e.UserServiceApplicationTests        : Starting UserServiceApplicationTests using Java 21.0.11 with PID 14408 (started by Lenovo in D:\JAVA\ecommerce-microservices\user-service)
2026-07-08T16:58:13.194+05:30 DEBUG 14408 --- [user-service] [main] c.e.e.UserServiceApplicationTests        : Running with Spring Boot v3.5.15, Spring v6.2.19
2026-07-08T16:58:13.195+05:30  INFO 14408 --- [user-service] [main] c.e.e.UserServiceApplicationTests        : No active profile set, falling back to 1 default profile: "default"
2026-07-08T16:58:14.042+05:30  INFO 14408 --- [user-service] [main] .s.d.r.c.RepositoryConfigurationDelegate : Bootstrapping Spring Data JPA repositories in DEFAULT mode.
2026-07-08T16:58:14.108+05:30  INFO 14408 --- [user-service] [main] .s.d.r.c.RepositoryConfigurationDelegate : Finished Spring Data repository scanning in 55 ms. Found 1 JPA repository interface.
2026-07-08T16:58:14.672+05:30  INFO 14408 --- [user-service] [main] o.hibernate.jpa.internal.util.LogHelper  : HHH000204: Processing PersistenceUnitInfo [name: default]
2026-07-08T16:58:14.726+05:30  INFO 14408 --- [user-service] [main] org.hibernate.Version                    : HHH000412: Hibernate ORM core version 6.6.53.Final
2026-07-08T16:58:14.757+05:30  INFO 14408 --- [user-service] [main] o.h.c.internal.RegionFactoryInitiator    : HHH000026: Second-level cache disabled
2026-07-08T16:58:15.041+05:30  INFO 14408 --- [user-service] [main] o.s.o.j.p.SpringPersistenceUnitInfo      : No LoadTimeWeaver setup: ignoring JPA class transformer
2026-07-08T16:58:15.076+05:30  INFO 14408 --- [user-service] [main] com.zaxxer.hikari.HikariDataSource       : HikariPool-1 - Starting...
2026-07-08T16:58:15.492+05:30  INFO 14408 --- [user-service] [main] com.zaxxer.hikari.pool.HikariPool        : HikariPool-1 - Added connection com.mysql.cj.jdbc.ConnectionImpl@4dffff9
2026-07-08T16:58:15.494+05:30  INFO 14408 --- [user-service] [main] com.zaxxer.hikari.HikariDataSource       : HikariPool-1 - Start completed.
2026-07-08T16:58:15.581+05:30  INFO 14408 --- [user-service] [main] org.hibernate.orm.connections.pooling    : HHH10001005: Database info:
	Database JDBC URL [Connecting through datasource 'HikariDataSource (HikariPool-1)']
	Database driver: undefined/unknown
	Database version: 8.0.46
	Autocommit mode: undefined/unknown
	Isolation level: undefined/unknown
	Minimum pool size: undefined/unknown
	Maximum pool size: undefined/unknown
2026-07-08T16:58:16.341+05:30  INFO 14408 --- [user-service] [main] o.h.e.t.j.p.i.JtaPlatformInitiator       : HHH000489: No JTA platform available (set 'hibernate.transaction.jta.platform' to enable JTA platform integration)
2026-07-08T16:58:16.399+05:30  INFO 14408 --- [user-service] [main] j.LocalContainerEntityManagerFactoryBean : Initialized JPA EntityManagerFactory for persistence unit 'default'
2026-07-08T16:58:16.766+05:30  INFO 14408 --- [user-service] [main] eAuthenticationProviderManagerConfigurer : Global AuthenticationManager configured with AuthenticationProvider bean with name authenticationProvider
2026-07-08T16:58:16.767+05:30  WARN 14408 --- [user-service] [main] r$InitializeUserDetailsManagerConfigurer : Global AuthenticationManager configured with an AuthenticationProvider bean. UserDetailsService beans will not be used by Spring Security for automatically configuring username/password login. Consider removing the AuthenticationProvider bean. Alternatively, consider using the UserDetailsService in a manually instantiated DaoAuthenticationProvider. If the current configuration is intentional, to turn off this warning, increase the logging level of 'org.springframework.security.config.annotation.authentication.configuration.InitializeUserDetailsBeanManagerConfigurer' to ERROR
2026-07-08T16:58:16.883+05:30  WARN 14408 --- [user-service] [main] JpaBaseConfiguration$JpaWebConfiguration : spring.jpa.open-in-view is enabled by default. Therefore, database queries may be performed during view rendering. Explicitly configure spring.jpa.open-in-view to disable this warning
2026-07-08T16:58:17.694+05:30  INFO 14408 --- [user-service] [main] c.e.e.UserServiceApplicationTests        : Started UserServiceApplicationTests in 4.814 seconds (process running for 5.638)
2026-07-08T16:58:18.049+05:30  INFO 14408 --- [user-service] [SpringApplicationShutdownHook] j.LocalContainerEntityManagerFactoryBean : Closing JPA EntityManagerFactory for persistence unit 'default'
2026-07-08T16:58:18.053+05:30  INFO 14408 --- [user-service] [SpringApplicationShutdownHook] com.zaxxer.hikari.HikariDataSource       : HikariPool-1 - Shutdown initiated...
2026-07-08T16:58:18.063+05:30  INFO 14408 --- [user-service] [SpringApplicationShutdownHook] com.zaxxer.hikari.HikariDataSource       : HikariPool-1 - Shutdown completed.
